// Jest Snapshot v1, https://goo.gl/fbAQLP

exports[`ExploreTool renders correctly 1`] = `
<div
  className="explore--tools--container"
>
  <img
    alt="Depictor"
    className="tool--card--img"
    src="Tool2.jpg"
  />
  <div
    className="left--container"
  >
    <h3
      className="tool--name"
    >
      Depictor
    </h3>
    <p>
      <span>
        Description: 
      </span>
      A tool for creating diagrams and flowcharts
    </p>
    <p>
      <span>
        Author: 
      </span>
      Damilare Adedoyin
    </p>
    <p>
      <span>
        Category: 
      </span>
      Diagramming
    </p>
    <p>
      <span>
        Source Code : 
      </span>
      <a
        href="https://depictor.app/"
        rel="noreferrer"
        target="_blank"
      >
         Check here 
      </a>
    </p>
  </div>
  <div
    className="right--container"
  >
    <table
      className="explore--tools--tbl"
    >
      <thead>
        <tr>
          <th>
            Field
          </th>
          <th>
            Value
          </th>
        </tr>
      </thead>
      <tbody>
        <tr
          className="missing"
        >
          <td>
            icon
          </td>
          <td>
            Missing!
          </td>
        </tr>
        <tr
          className="missing"
        >
          <td>
            feedback_url
          </td>
          <td>
            Missing!
          </td>
        </tr>
        <tr
          className=""
        >
          <td>
            license
          </td>
          <td>
            Apache License 2.0
          </td>
        </tr>
        <tr
          className="missing"
        >
          <td>
            privacy_policy
          </td>
          <td>
            Missing!
          </td>
        </tr>
        <tr
          className=""
        >
          <td>
            replaced_by
          </td>
          <td>
            https://www.draw.io/
          </td>
        </tr>
        <tr
          className=""
        >
          <td>
            api_docs_url
          </td>
          <td>
            https://www.draw.io/docs/
          </td>
        </tr>
        <tr
          className="missing"
        >
          <td>
            for_wikis
          </td>
          <td>
            Missing!
          </td>
        </tr>
      </tbody>
      <tfoot
        className="explore--tfoot"
      >
        <tr>
          <td
            colSpan="3"
          >
            NB: Fields with red background are missing!
          </td>
        </tr>
      </tfoot>
    </table>
  </div>
</div>
`;
